main.c:75:6:HAL_ADC_ConvCpltCallback	32	static
main.c:90:6:HAL_TIM_PeriodElapsedCallback	32	static
main.c:129:5:main	8	static
main.c:190:6:SystemClock_Config	88	static
main.c:235:13:MX_ADC1_Init	24	static
main.c:285:13:MX_TIM9_Init	24	static
main.c:323:13:MX_USART2_UART_Init	8	static
main.c:354:13:MX_DMA_Init	16	static
main.c:375:13:MX_GPIO_Init	40	static
main.c:405:6:set_digit	16	static
main.c:532:6:set_number	24	static
main.c:568:5:photoresistor_calc	32	static
main.c:589:6:Error_Handler	4	static,ignoring_inline_asm
